5
1
7
7
4
3
6
7
9
5
2
4
0
3
3
4
3
2
5
1
7
5
2
6
5
8
