3
4
4
5
3
5
6
3
2
5
4
1
3
5
6
4
1
2
1
2
0
1
4
2
5
6
3
