11
4
7
12
8
13
9
9
11
1
4
7
7
6
2
5
5
6
8
5
5
5
7
11
0
4
5
10
12
6
14
3
5
7
10
5
8
9
10
7
