5
4
6
4
5
4
8
6
6
1
7
6
0
1
8
3
6
4
3
9
2
1
9
2
8
7
3
6
6
7
5
5
6
4
7
5
6
7
7
8
8
9
7
6
