3
3
7
4
4
5
1
8
7
1
3
2
5
0
5
7
8
4
6
5
6
6
2
3
6
7
7
7
3
7
8
8
4
8
7
2
5
4
7
6
5
3
3
5
6
