13
11
11
12
10
12
8
1
12
2
13
12
14
15
0
13
14
7
10
7
1
11
11
12
9
4
5
16
6
12
12
3
9
13
9
13
13
8
11
10
13
10
8
4
14
9
