20
17
20
6
5
11
3
18
2
19
9
18
5
12
7
11
11
5
15
8
11
1
19
4
17
19
3
6
12
8
16
17
13
20
19
18
20
4
3
18
13
18
18
12
19
11
16
9
10
21
0
7
14
10
16
