6
6
5
7
3
6
4
5
6
5
0
7
7
7
5
4
3
6
5
5
2
4
6
6
3
2
2
7
10
8
4
10
6
3
11
7
3
4
3
4
12
3
7
2
5
4
5
9
4
6
7
8
1
5
7
6
7
