11
1
6
3
10
6
10
5
10
3
5
7
6
2
10
7
7
7
3
8
3
5
5
4
4
3
5
4
5
9
8
9
2
8
9
4
3
9
4
11
8
10
6
4
4
2
3
5
3
5
9
7
2
6
4
11
12
8
0
4
3
5
9
4
