7
5
10
8
2
3
5
2
2
5
8
1
4
2
6
4
9
3
0
11
1
6
6
5
5
6
2
8
3
4
3
7
2
7
2
4
4
6
7
3
7
5
8
4
3
5
9
2
4
4
4
7
7
7
6
3
9
7
7
10
6
6
4
1
6
8
