8
17
6
9
18
7
15
0
19
13
5
9
19
1
16
5
18
20
12
19
4
16
14
22
8
19
11
7
16
6
16
8
20
11
9
17
17
13
17
18
15
1
10
3
19
7
3
17
13
19
14
14
9
20
16
12
16
2
8
8
18
15
18
6
17
12
21
18
