7
10
15
4
9
8
0
7
8
9
8
11
2
7
11
5
8
9
6
3
15
13
6
3
13
9
10
11
12
15
10
9
9
9
8
10
4
5
11
4
14
7
14
9
13
12
11
14
6
9
10
11
14
15
10
13
12
11
8
1
6
9
7
12
12
11
12
6
10
7
