16
1
5
13
6
10
12
9
13
4
7
3
5
2
3
11
6
8
9
5
9
11
9
15
13
11
11
4
13
13
2
13
10
2
9
9
12
11
7
5
7
13
6
7
1
3
8
12
7
6
1
6
12
6
9
8
10
3
15
8
8
13
9
8
14
7
14
10
7
13
14
10
0
12
15
12
14
13
13
14
8
9
16
12
2
