12
8
10
9
6
7
7
5
6
4
7
6
6
6
3
3
8
9
12
14
13
15
9
10
12
10
3
4
1
10
6
4
9
9
10
9
2
2
4
5
11
3
2
8
8
4
6
3
11
5
7
0
9
14
7
6
11
5
5
4
4
3
9
5
8
8
7
6
11
9
10
6
6
5
8
7
3
13
12
1
2
7
8
13
10
5
