7
6
16
8
18
20
4
2
5
19
6
20
4
11
7
10
23
14
18
7
10
22
8
9
19
1
4
3
8
1
20
21
5
19
8
1
9
11
3
20
19
5
6
9
3
6
16
12
3
18
12
9
17
0
7
17
5
2
17
19
5
3
3
8
10
17
9
2
5
7
19
9
7
3
18
13
12
6
6
6
4
8
8
4
7
15
10
18
20
21
11
14
10
8
10
