10
13
5
6
10
13
11
3
15
12
10
9
10
4
12
12
6
2
13
14
8
4
13
11
5
4
1
7
12
6
9
8
12
10
3
8
7
11
9
8
13
7
11
12
11
14
9
4
12
9
3
11
8
12
11
10
10
10
9
14
11
15
8
12
14
9
16
10
9
7
10
13
5
0
2
6
15
11
12
10
9
12
4
7
13
13
4
11
10
11
11
11
