9
11
5
12
16
8
14
0
16
5
12
5
13
7
5
15
7
10
7
10
6
5
15
4
6
11
13
10
7
12
13
5
9
2
6
6
2
14
11
12
1
3
14
9
7
10
7
6
14
13
10
5
8
7
6
8
14
16
11
13
14
8
9
3
6
6
7
5
7
6
8
16
9
11
15
6
9
13
8
12
3
13
6
6
6
4
14
6
8
7
13
8
5
13
15
4
6
11
