34 0 1 1 4 0 1 9 0 1 1 4 0 1 2 0 0 3 0 8 0 1 1 8 0 1 1 7 0 1 1 3 0 1
