182 1 0 2 2 3 1 0 0 0 2 4 1 0 1 0 1 0 0 0 9 1 0 2 2 3 1 0 0 1 0 1 0 1 0 0 1 0 3 1 0 0 0 3 1 0 0 4 1 0 1 0 1 0 0 0 2 4 1 0 1 0 1 0 1 0 2 3 1 0 0 3 1 0 0 0 4 1 0 1 0 0 0 0 0 0 2 7 1 0 2 2 2 2 4 1 0 1 0 0 1 0 1 0 2 2 5 1 0 3 1 0 0 1 0 0 0 2 3 1 0 0 2 2 3 1 0 0 0 0 0 6 1 0 2 47 1 0 2 2 3 1 0 0 0 2 4 1 0 1 0 1 0 0 0 9 1 0 2 2 3 1 0 0 1 0 1 0 1 0 0 1 0 3 1 0 0 0 3 1 0 0
