319 0 1 1 3 0 2 0 0 0 1 2 0 0 3 0 3 0 2 0 0 4 0 1 2 0 0 0 0 87 0 1 1 3 0 2 0 0 0 1 2 0 0 3 0 3 0 2 0 0 4 0 1 2 0 0 0 0 58 0 1 1 3 0 2 0 0 0 1 2 0 0 3 0 3 0 2 0 0 4 0 1 2 0 0 0 0 29 0 1 1 3 0 2 0 0 0 1 2 0 0 3 0 3 0 2 0 0 4 0 1 2 0 0 0 0 0 0 1 1 3 0 2 0 0 0 11 0 1 1 3 0 2 0 0 0 3 0 59 0 1 1 3 0 2 0 0 0 1 2 0 0 3 0 3 0 2 0 0 4 0 1 2 0 0 0 0 30 0 1 1 3 0 2 0 0 0 1 2 0 0 3 0 3 0 2 0 0 4 0 1 2 0 0 0 0 1 1 2 0 0 29 0 1 1 3 0 2 0 0 0 1 2 0 0 3 0 3 0 2 0 0 4 0 1 2 0 0 0 0 0 0 87 0 1 1 3 0 2 0 0 0 1 2 0 0 3 0 3 0 2 0 0 4 0 1 2 0 0 0 0 58 0 1 1 3 0 2 0 0 0 1 2 0 0 3 0 3 0 2 0 0 4 0 1 2 0 0 0 0 29 0 1 1 3 0 2 0 0 0 1 2 0 0 3 0 3 0 2 0 0 4 0 1 2 0 0 0 0
