407 1 0 0 0 0 0 0 1 0 1 0 4 1 0 0 1 0 0 3 1 0 1 0 0 2 2 2 2 3 1 0 7 1 0 0 0 0 0 2 6 1 0 0 0 0 1 0 0 0 5 1 0 0 0 1 0 1 0 0 1 0 1 0 1 0 0 2 3 1 0 3 1 0 3 1 0 1 0 4 1 0 0 2 2 3 1 0 89 1 0 0 0 0 0 0 1 0 1 0 4 1 0 0 1 0 0 3 1 0 1 0 0 2 2 2 2 3 1 0 7 1 0 0 0 0 0 2 6 1 0 0 0 0 1 0 0 0 5 1 0 0 0 1 0 1 0 0 1 0 1 0 1 0 0 2 3 1 0 3 1 0 3 1 0 1 0 4 1 0 0 2 2 3 1 0 1 0 0 0 2 2 2 2 2 2 2 2 11 1 0 0 0 0 0 0 1 0 3 1 0 4 1 0 0 2 2 4 1 0 0 2 2 2 2 3 1 0 3 1 0 1 0 0 0 2 89 1 0 0 0 0 0 0 1 0 1 0 4 1 0 0 1 0 0 3 1 0 1 0 0 2 2 2 2 3 1 0 7 1 0 0 0 0 0 2 6 1 0 0 0 0 1 0 0 0 5 1 0 0 0 1 0 1 0 0 1 0 1 0 1 0 0 2 3 1 0 3 1 0 3 1 0 1 0 4 1 0 0 2 2 3 1 0 1 0 0 0 2 88 1 0 0 0 0 0 0 1 0 1 0 4 1 0 0 1 0 0 3 1 0 1 0 0 2 2 2 2 3 1 0 7 1 0 0 0 0 0 2 6 1 0 0 0 0 1 0 0 0 5 1 0 0 0 1 0 1 0 0 1 0 1 0 1 0 0 2 3 1 0 3 1 0 3 1 0 1 0 4 1 0 0 2 2 3 1 0
