 with
cupb
oards and bo
ok-shelves;
 here and the
