oment down
 went Alic
e after it, n
ever once cons
