, that's a
bout the ri
ght distance
--but then
 I wonder w
