o think
about 
stopping her
self befor
e she found he
rself fall
ing down a v
