hat Latitude
o
r Longitude I
've got to?
' (Alice had
 no idea wha
t Latitude
 was, or
Lon
gitude eith
er, but thoug
ht they wer
