ery deep
well
.

Either the 
well was v
ery deep, or s
he fell ve
