unity for s
howing off 
her knowledg
e, as there

was no one
 to listen
