out what
sh
e was coming 
to, but it wa
s too dark t
o see anyth
ing; then she
