e they'll a
ll think me a
t
home! Wh
y, I wouldn't
 say anyth
ing about i
t, even if I 
fell off t
