OK
OK
OK
OK
OK
OK
OK
OK
OK
OK
OK
OK
OK
OK
OK
OK
OK
OK
OK
OK
OK
OK
OK
OK
OK
OK
OK
OK
OK
OK
BAD
OK
OK
OK
OK
OK
OK
OK
OK
OK
OK
OK
OK
OK
OK
OK
BAD
OK
OK
OK
OK
OK
OK
OK
BAD
OK
OK
OK
BAD
OK
BAD
BAD
BAD
