9
3
5
8
9
9
9
10
0
9
7
10
7
10
8
8
9
10
4
6
8
8
2
11
1
