3
6
5
5
5
3
3
2
4
3
7
8
5
7
4
9
10
1
3
1
2
9
4
6
7
4
4
9
6
6
6
9
2
4
8
4
7
4
6
5
7
5
5
5
8
0
8
5
3
7
