15
12
8
4
7
1
11
10
10
9
3
10
13
2
14
6
8
8
2
7
10
10
13
11
5
3
5
9
12
13
7
10
11
5
14
3
8
2
12
1
7
11
12
6
4
11
8
13
11
16
14
9
0
