3
3
7
2
4
4
4
0
4
1
8
4
5
3
4
2
7
4
6
3
4
7
3
5
6
7
5
3
4
2
8
4
6
7
5
7
4
3
6
8
7
9
9
8
10
6
2
2
1
3
5
1
4
7
5
5
5
8
5
