12
8
6
22
4
13
6
5
20
12
9
9
7
12
22
3
21
14
1
5
4
23
22
14
6
9
17
13
21
10
9
4
6
11
4
5
10
8
13
2
5
10
10
19
5
18
14
8
0
11
9
11
23
18
3
7
7
15
14
12
2
24
16
