11
7
6
8
11
12
7
2
11
6
11
11
7
10
10
9
12
2
9
9
3
12
7
2
7
10
9
10
9
5
1
10
8
8
11
4
8
12
11
13
3
11
8
6
7
12
0
8
5
4
14
8
3
3
9
3
10
11
10
10
8
