8
9
14
5
10
4
13
13
8
15
13
11
5
4
15
14
5
14
12
7
10
7
4
7
3
5
8
11
6
7
14
5
16
6
14
0
6
4
14
3
10
6
9
14
6
13
9
2
7
12
12
11
6
6
1
13
14
5
9
13
7
8
13
11
14
4
12
