7
1
20
6
10
16
7
6
10
3
3
2
19
5
6
4
19
18
7
11
2
13
6
7
8
17
20
18
11
5
12
6
9
6
8
5
21
6
5
21
3
5
12
2
13
16
15
8
3
14
6
16
9
15
10
11
1
4
2
0
6
4
4
21
17
3
5
10
5
5
9
12
9
11
4
