9
17
4
10
8
1
5
2
16
12
6
19
15
1
11
7
10
18
8
11
9
6
9
14
8
2
6
3
12
4
12
15
11
7
7
11
8
12
5
7
7
12
12
2
4
17
8
20
18
6
6
6
16
14
9
3
13
15
8
8
4
19
13
4
18
7
17
13
8
5
12
13
8
18
17
0
10
9
5
