8
9
11
14
1
16
24
13
13
12
9
5
7
7
16
13
15
11
11
9
21
13
12
9
7
14
11
12
12
8
8
7
22
11
10
15
7
3
11
10
10
6
7
4
12
2
1
22
12
10
14
9
12
0
10
7
9
12
6
13
10
10
13
6
5
11
15
23
11
4
11
18
8
20
8
10
17
3
12
12
8
13
24
25
12
10
19
13
