2
14
10
10
7
6
3
6
2
1
9
16
12
10
11
15
13
9
10
11
5
13
12
4
5
13
3
8
7
14
11
9
10
9
5
15
8
8
13
12
9
7
10
2
8
8
10
12
4
0
12
4
11
3
8
6
12
11
4
8
10
6
7
5
9
12
6
5
6
11
11
3
5
10
4
11
9
9
10
8
13
8
7
6
10
14
11
10
4
7
4
4
8
