16
1
7
20
14
11
4
5
16
16
8
5
3
7
5
16
5
9
8
14
4
15
9
10
6
5
6
5
10
14
11
2
13
15
15
14
8
7
7
12
9
17
5
18
18
2
6
12
12
3
4
8
13
19
13
12
21
6
0
13
2
15
8
13
19
7
17
16
13
11
8
5
18
5
4
13
15
4
9
18
17
12
15
12
6
11
7
3
14
14
17
8
13
12
19
10
